130.176.208.83 - - [30/Mar/2024:12:43:38 +0000] "POST /outline/ HTTP/1.1" 201 22612 "https://chatg6.ai/" "Mozilla/5.0 (Windows NT 10.0; Win64; x64) AppleWebKit/537.36 (KHTML, like Gecko) Chrome/122.0.0.0 Safari/537.36"
130.176.208.83 - - [30/Mar/2024:12:43:58 +0000] "OPTIONS /plagiarism/ HTTP/1.1" 200 0 "https://chatg6.ai/" "Mozilla/5.0 (Windows NT 10.0; Win64; x64) AppleWebKit/537.36 (KHTML, like Gecko) Chrome/122.0.0.0 Safari/537.36"
130.176.208.80 - - [30/Mar/2024:12:44:00 +0000] "POST /plagiarism/ HTTP/1.1" 201 71 "https://chatg6.ai/" "Mozilla/5.0 (Windows NT 10.0; Win64; x64) AppleWebKit/537.36 (KHTML, like Gecko) Chrome/122.0.0.0 Safari/537.36"
185.254.196.186 - - [30/Mar/2024:12:50:22 +0000] "GET /.env HTTP/1.1" 404 180 "-" "Mozilla/5.0 (X11; Linux x86_64) AppleWebKit/537.36 (KHTML, like Gecko) Chrome/81.0.4044.129 Safari/537.36"
185.254.196.186 - - [30/Mar/2024:12:50:22 +0000] "POST / HTTP/1.1" 404 180 "-" "Mozilla/5.0 (X11; Linux x86_64) AppleWebKit/537.36 (KHTML, like Gecko) Chrome/81.0.4044.129 Safari/537.36"
54.188.191.87 - - [30/Mar/2024:12:50:49 +0000] "GET /.git/config HTTP/1.1" 404 180 "-" "python-requests/2.25.1"
130.176.208.83 - - [30/Mar/2024:12:56:43 +0000] "POST /plagiarism/ HTTP/1.1" 500 85 "-" "python-requests/2.31.0"
130.176.208.83 - - [30/Mar/2024:12:57:51 +0000] "POST /literature/ HTTP/1.1" 499 0 "-" "python-requests/2.31.0"
130.176.208.83 - - [30/Mar/2024:12:58:14 +0000] "POST /plagiarism/ HTTP/1.1" 201 73 "-" "python-requests/2.31.0"
185.224.128.43 - - [30/Mar/2024:13:21:55 +0000] "GET / HTTP/1.1" 404 180 "-" "Mozilla/5.0 (Windows NT 10.0; Win64; x64) AppleWebKit/537.36 (KHTML, like Gecko) Chrome/90.0.4430.85 Safari/537.36 Edg/90.0.818.46"
64.252.89.253 - - [30/Mar/2024:13:31:15 +0000] "GET /favicon.ico HTTP/1.1" 404 180 "https://api.chatg6.ai/" "Mozilla/5.0 (Linux; Android 10; K) AppleWebKit/537.36 (KHTML, like Gecko) Chrome/122.0.0.0 Mobile Safari/537.36"
64.252.88.84 - - [30/Mar/2024:13:31:25 +0000] "GET / HTTP/1.1" 404 180 "-" "Mozilla/5.0 (Linux; Android 10; K) AppleWebKit/537.36 (KHTML, like Gecko) Chrome/122.0.0.0 Mobile Safari/537.36"
64.252.114.205 - - [30/Mar/2024:13:33:06 +0000] "GET /favicon.ico HTTP/1.1" 404 180 "https://api.chatg6.ai/" "Mozilla/5.0 (Linux; Android 10; K) AppleWebKit/537.36 (KHTML, like Gecko) Chrome/122.0.0.0 Mobile Safari/537.36"
45.79.181.179 - - [30/Mar/2024:13:57:03 +0000] "\x16\x03\x01\x00\x85\x01\x00\x00\x81\x03\x03Ya\x17\xDAM\x00\xBC\x8D\xC7\xD7\xEC\xC5p\x05\x03_\xE0\xF9" 400 157 "-" "-"
80.94.92.60 - - [30/Mar/2024:14:32:46 +0000] "GET / HTTP/1.1" 404 180 "-" "Mozilla/5.0 (Windows NT 10.0; Win64; x64) AppleWebKit/537.36 (KHTML, like Gecko) Chrome/90.0.4430.85 Safari/537.36 Edg/90.0.818.46"
209.97.144.169 - - [30/Mar/2024:15:09:21 +0000] "\x16\x03\x01\x00{\x01\x00\x00w\x03\x035C\x97\xEF\x82\xBD=\xA7\xF2\xED\xF9<\xE6\x052\x07\x8E$fn\x1F\xDA\x93\x15\x11\xEA\x08E;\xF2\xC24\x00\x00\x1A\xC0/\xC0+\xC0\x11\xC0\x07\xC0\x13\xC0\x09\xC0\x14\xC0" 400 157 "-" "-"
209.97.144.169 - - [30/Mar/2024:15:09:21 +0000] "\x16\x03\x01\x00{\x01\x00\x00w\x03\x03X\x1F'\x90m\x1Ds\xB4\xB6\xC9MA\xE6\x22\xC3A\x01\xEF\xC4 [V\x16Q\xAB\x07\xBC<\x0F\xCA\xE0\xBF\x00\x00\x1A\xC0/\xC0+\xC0\x11\xC0\x07\xC0\x13\xC0\x09\xC0\x14\xC0" 400 157 "-" "-"
209.97.144.169 - - [30/Mar/2024:15:09:21 +0000] "GET / HTTP/1.1" 404 180 "-" "Mozilla/5.0 (Windows NT 10.0; Win64; x64) AppleWebKit/537.36 (KHTML, like Gecko) Chrome/108.0.0.0 Safari/537.36"
209.97.144.169 - - [30/Mar/2024:15:09:21 +0000] "GET /form.html HTTP/1.1" 404 180 "-" "curl/8.1.2"
209.97.144.169 - - [30/Mar/2024:15:09:21 +0000] "GET /upl.php HTTP/1.1" 404 180 "-" "Mozilla/5.0"
209.97.144.169 - - [30/Mar/2024:15:09:21 +0000] "\x16\x03\x01\x00{\x01\x00\x00w\x03\x03\xB3\xFE\xE7\xB0\x99kz\x13\x09\xF1\x0F\xD2a\x08E.^\xCD\x1A\xA6i{\xC6uKT9\xC9" 400 157 "-" "-"
209.97.144.169 - - [30/Mar/2024:15:09:22 +0000] "GET /geoip/ HTTP/1.1" 404 180 "-" "Mozilla/5.0 (Windows NT 10.0; Win64; x64) AppleWebKit/537.36 (KHTML, like Gecko) Chrome/108.0.0.0 Safari/537.36"
209.97.144.169 - - [30/Mar/2024:15:09:22 +0000] "GET /favicon.ico HTTP/1.1" 404 180 "-" "Mozilla/5.0 (Windows NT 10.0; Win64; x64) AppleWebKit/537.36 (KHTML, like Gecko) Chrome/108.0.0.0 Safari/537.36"
209.97.144.169 - - [30/Mar/2024:15:09:22 +0000] "GET /1.php HTTP/1.1" 404 180 "-" "Mozilla/5.0 (Windows NT 10.0; Win64; x64) AppleWebKit/537.36 (KHTML, like Gecko) Chrome/108.0.0.0 Safari/537.36"
209.97.144.169 - - [30/Mar/2024:15:09:22 +0000] "GET /bundle.js HTTP/1.1" 404 180 "-" "Mozilla/5.0 (Windows NT 10.0; Win64; x64) AppleWebKit/537.36 (KHTML, like Gecko) Chrome/108.0.0.0 Safari/537.36"
209.97.144.169 - - [30/Mar/2024:15:09:22 +0000] "GET /files/ HTTP/1.1" 404 180 "-" "Mozilla/5.0 (Windows NT 10.0; Win64; x64) AppleWebKit/537.36 (KHTML, like Gecko) Chrome/108.0.0.0 Safari/537.36"
209.97.144.169 - - [30/Mar/2024:15:09:23 +0000] "GET /systembc/password.php HTTP/1.1" 404 180 "-" "Mozilla/5.0 (Windows NT 10.0; Win64; x64) AppleWebKit/537.36 (KHTML, like Gecko) Chrome/108.0.0.0 Safari/537.36"
209.97.144.169 - - [30/Mar/2024:15:09:23 +0000] "GET /password.php HTTP/1.1" 404 180 "-" "Mozilla/5.0 (Windows NT 10.0; Win64; x64) AppleWebKit/537.36 (KHTML, like Gecko) Chrome/108.0.0.0 Safari/537.36"
209.97.144.169 - - [30/Mar/2024:15:09:23 +0000] "GET /info.php HTTP/1.1" 404 180 "-" "Mozilla/5.0 (Windows NT 10.0; Win64; x64) AppleWebKit/537.36 (KHTML, like Gecko) Chrome/108.0.0.0 Safari/537.36"
185.254.196.173 - - [30/Mar/2024:15:43:45 +0000] "GET /.env HTTP/1.1" 404 180 "-" "Mozilla/5.0 (X11; Linux x86_64) AppleWebKit/537.36 (KHTML, like Gecko) Chrome/81.0.4044.129 Safari/537.36"
185.254.196.173 - - [30/Mar/2024:15:43:46 +0000] "POST / HTTP/1.1" 404 180 "-" "Mozilla/5.0 (X11; Linux x86_64) AppleWebKit/537.36 (KHTML, like Gecko) Chrome/81.0.4044.129 Safari/537.36"
146.19.24.28 - - [30/Mar/2024:16:13:25 +0000] "GET / HTTP/1.1" 404 180 "-" "-"
87.246.7.86 - - [30/Mar/2024:17:11:22 +0000] "GET /node/kor/113/main HTTP/1.0" 400 170 "-" "ivre-masscan/1.3 https://github.com/robertdavidgraham/"
87.246.7.86 - - [30/Mar/2024:17:11:28 +0000] "GET /node/kor/113/main HTTP/1.0" 400 170 "-" "ivre-masscan/1.3 https://github.com/robertdavidgraham/"
80.94.92.60 - - [30/Mar/2024:17:12:08 +0000] "GET / HTTP/1.1" 404 180 "-" "Mozilla/5.0 (Windows NT 10.0; Win64; x64) AppleWebKit/537.36 (KHTML, like Gecko) Chrome/90.0.4430.85 Safari/537.36 Edg/90.0.818.46"
185.254.196.173 - - [30/Mar/2024:17:15:13 +0000] "GET /.env HTTP/1.1" 404 180 "-" "Mozilla/5.0 (X11; Linux x86_64) AppleWebKit/537.36 (KHTML, like Gecko) Chrome/81.0.4044.129 Safari/537.36"
185.254.196.173 - - [30/Mar/2024:17:15:13 +0000] "POST / HTTP/1.1" 404 180 "-" "Mozilla/5.0 (X11; Linux x86_64) AppleWebKit/537.36 (KHTML, like Gecko) Chrome/81.0.4044.129 Safari/537.36"
87.246.7.86 - - [30/Mar/2024:17:16:05 +0000] "GET /node/kor/113/main HTTP/1.0" 400 170 "-" "ivre-masscan/1.3 https://github.com/robertdavidgraham/"
166.88.141.168 - - [30/Mar/2024:17:29:42 +0000] "GET /cdn-cgi/trace HTTP/1.1" 400 181 "-" "Mozilla/5.0 (Windows NT 10.0; Win64; x64) AppleWebKit/537.36 (KHTML, like Gecko) Chrome/122.0.0.0 Safari/537.36"
18.68.56.84 - - [30/Mar/2024:17:42:03 +0000] "OPTIONS /plagiarism/ HTTP/1.1" 200 0 "https://chatg6.ai/" "Mozilla/5.0 (X11; Linux x86_64) AppleWebKit/537.36 (KHTML, like Gecko) Chrome/122.0.0.0 Safari/537.36"
18.68.56.105 - - [30/Mar/2024:17:42:05 +0000] "POST /plagiarism/ HTTP/1.1" 201 73 "https://chatg6.ai/" "Mozilla/5.0 (X11; Linux x86_64) AppleWebKit/537.36 (KHTML, like Gecko) Chrome/122.0.0.0 Safari/537.36"
18.68.56.84 - - [30/Mar/2024:17:52:49 +0000] "POST /plagiarism/ HTTP/1.1" 201 73 "https://chatg6.ai/" "Mozilla/5.0 (X11; Linux x86_64) AppleWebKit/537.36 (KHTML, like Gecko) Chrome/122.0.0.0 Safari/537.36"
192.241.210.64 - - [30/Mar/2024:18:16:15 +0000] "GET /portal/redlion HTTP/1.1" 502 157 "-" "Mozilla/5.0 zgrab/0.x"
130.176.219.109 - - [30/Mar/2024:18:50:32 +0000] "POST /plagiarism/ HTTP/1.1" 502 157 "-" "python-requests/2.31.0"
130.176.219.109 - - [30/Mar/2024:18:50:46 +0000] "POST /plagiarism/ HTTP/1.1" 502 157 "-" "python-requests/2.31.0"
130.176.219.109 - - [30/Mar/2024:19:03:39 +0000] "POST /plagiarism/ HTTP/1.1" 502 157 "-" "python-requests/2.31.0"
64.252.88.145 - - [30/Mar/2024:19:04:07 +0000] "GET / HTTP/1.1" 502 559 "-" "Mozilla/5.0 (Windows NT 10.0; Win64; x64) AppleWebKit/537.36 (KHTML, like Gecko) Chrome/122.0.0.0 Safari/537.36"
64.252.88.73 - - [30/Mar/2024:19:04:07 +0000] "GET /favicon.ico HTTP/1.1" 502 559 "https://api.chatg6.ai/" "Mozilla/5.0 (Windows NT 10.0; Win64; x64) AppleWebKit/537.36 (KHTML, like Gecko) Chrome/122.0.0.0 Safari/537.36"
64.252.87.41 - - [30/Mar/2024:19:05:02 +0000] "GET / HTTP/1.1" 500 141 "-" "Mozilla/5.0 (X11; Linux x86_64) AppleWebKit/537.36 (KHTML, like Gecko) Chrome/122.0.0.0 Safari/537.36"
64.252.86.59 - - [30/Mar/2024:19:05:22 +0000] "GET / HTTP/1.1" 500 141 "-" "Mozilla/5.0 (X11; Linux x86_64) AppleWebKit/537.36 (KHTML, like Gecko) Chrome/122.0.0.0 Safari/537.36"
185.254.196.173 - - [30/Mar/2024:19:07:43 +0000] "GET /.env HTTP/1.1" 500 141 "-" "Mozilla/5.0 (X11; Linux x86_64) AppleWebKit/537.36 (KHTML, like Gecko) Chrome/81.0.4044.129 Safari/537.36"
185.254.196.173 - - [30/Mar/2024:19:07:44 +0000] "POST / HTTP/1.1" 500 141 "-" "Mozilla/5.0 (X11; Linux x86_64) AppleWebKit/537.36 (KHTML, like Gecko) Chrome/81.0.4044.129 Safari/537.36"
130.176.219.109 - - [30/Mar/2024:19:08:26 +0000] "POST /plagiarism/ HTTP/1.1" 502 157 "-" "python-requests/2.31.0"
64.252.86.59 - - [30/Mar/2024:19:12:31 +0000] "GET / HTTP/1.1" 502 559 "-" "Mozilla/5.0 (X11; Linux x86_64) AppleWebKit/537.36 (KHTML, like Gecko) Chrome/122.0.0.0 Safari/537.36"
64.252.86.59 - - [30/Mar/2024:19:13:33 +0000] "GET / HTTP/1.1" 500 141 "-" "Mozilla/5.0 (X11; Linux x86_64) AppleWebKit/537.36 (KHTML, like Gecko) Chrome/122.0.0.0 Safari/537.36"
64.252.86.59 - - [30/Mar/2024:19:27:20 +0000] "GET / HTTP/1.1" 404 180 "-" "Mozilla/5.0 (X11; Linux x86_64) AppleWebKit/537.36 (KHTML, like Gecko) Chrome/122.0.0.0 Safari/537.36"
64.252.86.59 - - [30/Mar/2024:19:28:19 +0000] "GET / HTTP/1.1" 499 0 "-" "Mozilla/5.0 (X11; Linux x86_64) AppleWebKit/537.36 (KHTML, like Gecko) Chrome/122.0.0.0 Safari/537.36"
64.252.87.1 - - [30/Mar/2024:19:29:28 +0000] "GET / HTTP/1.1" 499 0 "-" "Mozilla/5.0 (X11; Linux x86_64) AppleWebKit/537.36 (KHTML, like Gecko) Chrome/122.0.0.0 Safari/537.36"
64.252.87.1 - - [30/Mar/2024:19:29:48 +0000] "GET / HTTP/1.1" 499 0 "-" "Mozilla/5.0 (X11; Linux x86_64) AppleWebKit/537.36 (KHTML, like Gecko) Chrome/122.0.0.0 Safari/537.36"
64.252.87.41 - - [30/Mar/2024:19:31:07 +0000] "GET / HTTP/1.1" 404 180 "-" "Mozilla/5.0 (X11; Linux x86_64) AppleWebKit/537.36 (KHTML, like Gecko) Chrome/122.0.0.0 Safari/537.36"
18.68.56.84 - - [30/Mar/2024:19:31:19 +0000] "POST /plagiarism/ HTTP/1.1" 201 71 "-" "python-requests/2.31.0"
18.68.56.84 - - [30/Mar/2024:19:31:46 +0000] "POST /literature/ HTTP/1.1" 502 157 "-" "python-requests/2.31.0"
64.252.87.1 - - [30/Mar/2024:19:32:19 +0000] "GET / HTTP/1.1" 404 180 "-" "Mozilla/5.0 (X11; Linux x86_64) AppleWebKit/537.36 (KHTML, like Gecko) Chrome/122.0.0.0 Safari/537.36"
64.252.86.59 - - [30/Mar/2024:19:53:59 +0000] "GET / HTTP/1.1" 404 180 "-" "Mozilla/5.0 (X11; Linux x86_64) AppleWebKit/537.36 (KHTML, like Gecko) Chrome/122.0.0.0 Safari/537.36"
185.183.33.220 - - [30/Mar/2024:19:55:06 +0000] "GET / HTTP/1.1" 404 180 "-" "Mozilla/5.0 (X11; Linux x86_64) AppleWebKit/537.36 (KHTML, like Gecko) Chrome/122.0.0.0 Safari/537.36"
185.183.33.220 - - [30/Mar/2024:19:55:09 +0000] "GET / HTTP/1.1" 404 180 "-" "Mozilla/5.0 (X11; Linux x86_64) AppleWebKit/537.36 (KHTML, like Gecko) Chrome/122.0.0.0 Safari/537.36"
185.183.33.220 - - [30/Mar/2024:19:55:11 +0000] "GET / HTTP/1.1" 404 180 "-" "Mozilla/5.0 (X11; Linux x86_64) AppleWebKit/537.36 (KHTML, like Gecko) Chrome/122.0.0.0 Safari/537.36"
185.183.33.220 - - [30/Mar/2024:19:55:13 +0000] "GET / HTTP/1.1" 404 180 "-" "Mozilla/5.0 (X11; Linux x86_64) AppleWebKit/537.36 (KHTML, like Gecko) Chrome/122.0.0.0 Safari/537.36"
64.252.86.59 - - [30/Mar/2024:19:55:28 +0000] "GET / HTTP/1.1" 404 180 "-" "Mozilla/5.0 (X11; Linux x86_64) AppleWebKit/537.36 (KHTML, like Gecko) Chrome/122.0.0.0 Safari/537.36"
18.68.56.84 - - [30/Mar/2024:19:56:39 +0000] "POST /plagiarism/ HTTP/1.1" 201 71 "-" "python-requests/2.31.0"
64.252.88.84 - - [30/Mar/2024:19:57:32 +0000] "GET / HTTP/1.1" 404 180 "-" "Mozilla/5.0 (Windows NT 10.0; Win64; x64) AppleWebKit/537.36 (KHTML, like Gecko) Chrome/122.0.0.0 Safari/537.36"
64.252.86.152 - - [30/Mar/2024:19:57:33 +0000] "GET /favicon.ico HTTP/1.1" 404 180 "https://api.chatg6.ai/" "Mozilla/5.0 (Windows NT 10.0; Win64; x64) AppleWebKit/537.36 (KHTML, like Gecko) Chrome/122.0.0.0 Safari/537.36"
64.252.87.1 - - [30/Mar/2024:19:58:12 +0000] "GET / HTTP/1.1" 404 180 "-" "Mozilla/5.0 (X11; Linux x86_64) AppleWebKit/537.36 (KHTML, like Gecko) Chrome/122.0.0.0 Safari/537.36"
18.68.56.84 - - [30/Mar/2024:19:58:52 +0000] "OPTIONS /plagiarism/ HTTP/1.1" 200 0 "https://chatg6.ai/" "Mozilla/5.0 (Windows NT 10.0; Win64; x64) AppleWebKit/537.36 (KHTML, like Gecko) Chrome/122.0.0.0 Safari/537.36"
18.68.56.77 - - [30/Mar/2024:19:58:54 +0000] "POST /plagiarism/ HTTP/1.1" 201 71 "https://chatg6.ai/" "Mozilla/5.0 (Windows NT 10.0; Win64; x64) AppleWebKit/537.36 (KHTML, like Gecko) Chrome/122.0.0.0 Safari/537.36"
18.68.56.77 - - [30/Mar/2024:19:58:56 +0000] "POST /plagiarism/ HTTP/1.1" 201 71 "https://chatg6.ai/" "Mozilla/5.0 (Windows NT 10.0; Win64; x64) AppleWebKit/537.36 (KHTML, like Gecko) Chrome/122.0.0.0 Safari/537.36"
18.68.56.77 - - [30/Mar/2024:19:59:00 +0000] "POST /plagiarism/ HTTP/1.1" 201 71 "https://chatg6.ai/" "Mozilla/5.0 (Windows NT 10.0; Win64; x64) AppleWebKit/537.36 (KHTML, like Gecko) Chrome/122.0.0.0 Safari/537.36"
64.252.88.203 - - [30/Mar/2024:19:59:02 +0000] "GET / HTTP/1.1" 404 180 "-" "Mozilla/5.0 (Windows NT 10.0; Win64; x64) AppleWebKit/537.36 (KHTML, like Gecko) Chrome/122.0.0.0 Safari/537.36"
18.68.56.105 - - [30/Mar/2024:19:59:04 +0000] "POST /plagiarism/ HTTP/1.1" 201 71 "https://chatg6.ai/" "Mozilla/5.0 (Windows NT 10.0; Win64; x64) AppleWebKit/537.36 (KHTML, like Gecko) Chrome/122.0.0.0 Safari/537.36"
18.68.56.84 - - [30/Mar/2024:20:01:08 +0000] "POST /plagiarism/ HTTP/1.1" 201 71 "https://chatg6.ai/" "Mozilla/5.0 (Windows NT 10.0; Win64; x64) AppleWebKit/537.36 (KHTML, like Gecko) Chrome/122.0.0.0 Safari/537.36"
18.68.56.84 - - [30/Mar/2024:20:01:12 +0000] "POST /plagiarism/ HTTP/1.1" 201 71 "https://chatg6.ai/" "Mozilla/5.0 (Windows NT 10.0; Win64; x64) AppleWebKit/537.36 (KHTML, like Gecko) Chrome/122.0.0.0 Safari/537.36"
18.68.56.84 - - [30/Mar/2024:20:01:17 +0000] "POST /plagiarism/ HTTP/1.1" 201 71 "https://chatg6.ai/" "Mozilla/5.0 (Windows NT 10.0; Win64; x64) AppleWebKit/537.36 (KHTML, like Gecko) Chrome/122.0.0.0 Safari/537.36"
18.68.56.77 - - [30/Mar/2024:20:01:21 +0000] "POST /plagiarism/ HTTP/1.1" 201 71 "https://chatg6.ai/" "Mozilla/5.0 (Windows NT 10.0; Win64; x64) AppleWebKit/537.36 (KHTML, like Gecko) Chrome/122.0.0.0 Safari/537.36"
64.252.88.203 - - [30/Mar/2024:20:01:21 +0000] "GET / HTTP/1.1" 404 180 "-" "Mozilla/5.0 (Windows NT 10.0; Win64; x64) AppleWebKit/537.36 (KHTML, like Gecko) Chrome/122.0.0.0 Safari/537.36"
18.68.56.84 - - [30/Mar/2024:20:01:47 +0000] "POST /plagiarism/ HTTP/1.1" 201 71 "-" "python-requests/2.31.0"
64.252.88.203 - - [30/Mar/2024:20:03:21 +0000] "GET / HTTP/1.1" 404 180 "-" "Mozilla/5.0 (Windows NT 10.0; Win64; x64) AppleWebKit/537.36 (KHTML, like Gecko) Chrome/122.0.0.0 Safari/537.36"
18.68.56.84 - - [30/Mar/2024:20:09:39 +0000] "POST /plagiarism/ HTTP/1.1" 201 71 "https://chatg6.ai/" "Mozilla/5.0 (Windows NT 10.0; Win64; x64) AppleWebKit/537.36 (KHTML, like Gecko) Chrome/122.0.0.0 Safari/537.36"
18.68.56.84 - - [30/Mar/2024:20:09:41 +0000] "POST /plagiarism/ HTTP/1.1" 201 71 "https://chatg6.ai/" "Mozilla/5.0 (Windows NT 10.0; Win64; x64) AppleWebKit/537.36 (KHTML, like Gecko) Chrome/122.0.0.0 Safari/537.36"
18.68.56.105 - - [30/Mar/2024:20:09:44 +0000] "POST /plagiarism/ HTTP/1.1" 201 71 "https://chatg6.ai/" "Mozilla/5.0 (Windows NT 10.0; Win64; x64) AppleWebKit/537.36 (KHTML, like Gecko) Chrome/122.0.0.0 Safari/537.36"
18.68.56.77 - - [30/Mar/2024:20:09:48 +0000] "POST /plagiarism/ HTTP/1.1" 201 71 "https://chatg6.ai/" "Mozilla/5.0 (Windows NT 10.0; Win64; x64) AppleWebKit/537.36 (KHTML, like Gecko) Chrome/122.0.0.0 Safari/537.36"
130.176.183.70 - - [30/Mar/2024:20:19:01 +0000] "OPTIONS /plagiarism/ HTTP/1.1" 200 0 "https://chatg6.ai/" "Mozilla/5.0 (Linux; Android 7.0; G3312) AppleWebKit/537.36 (KHTML, like Gecko) Chrome/103.0.0.0 Mobile Safari/537.36"
130.176.183.86 - - [30/Mar/2024:20:19:02 +0000] "POST /plagiarism/ HTTP/1.1" 201 71 "https://chatg6.ai/" "Mozilla/5.0 (Linux; Android 7.0; G3312) AppleWebKit/537.36 (KHTML, like Gecko) Chrome/103.0.0.0 Mobile Safari/537.36"
130.176.183.123 - - [30/Mar/2024:20:19:05 +0000] "POST /plagiarism/ HTTP/1.1" 201 71 "https://chatg6.ai/" "Mozilla/5.0 (Linux; Android 7.0; G3312) AppleWebKit/537.36 (KHTML, like Gecko) Chrome/103.0.0.0 Mobile Safari/537.36"
130.176.183.123 - - [30/Mar/2024:20:19:08 +0000] "POST /plagiarism/ HTTP/1.1" 201 71 "https://chatg6.ai/" "Mozilla/5.0 (Linux; Android 7.0; G3312) AppleWebKit/537.36 (KHTML, like Gecko) Chrome/103.0.0.0 Mobile Safari/537.36"
130.176.183.123 - - [30/Mar/2024:20:19:11 +0000] "POST /plagiarism/ HTTP/1.1" 201 71 "https://chatg6.ai/" "Mozilla/5.0 (Linux; Android 7.0; G3312) AppleWebKit/537.36 (KHTML, like Gecko) Chrome/103.0.0.0 Mobile Safari/537.36"
64.252.86.59 - - [30/Mar/2024:20:22:23 +0000] "GET / HTTP/1.1" 502 559 "-" "Mozilla/5.0 (X11; Linux x86_64) AppleWebKit/537.36 (KHTML, like Gecko) Chrome/122.0.0.0 Safari/537.36"
64.252.87.1 - - [30/Mar/2024:20:23:14 +0000] "GET / HTTP/1.1" 404 180 "-" "Mozilla/5.0 (X11; Linux x86_64) AppleWebKit/537.36 (KHTML, like Gecko) Chrome/122.0.0.0 Safari/537.36"
64.252.87.157 - - [30/Mar/2024:20:23:37 +0000] "GET / HTTP/1.1" 502 559 "-" "Mozilla/5.0 (X11; Linux x86_64) AppleWebKit/537.36 (KHTML, like Gecko) Chrome/122.0.0.0 Safari/537.36"
64.252.87.41 - - [30/Mar/2024:20:24:04 +0000] "GET / HTTP/1.1" 404 180 "-" "Mozilla/5.0 (X11; Linux x86_64) AppleWebKit/537.36 (KHTML, like Gecko) Chrome/122.0.0.0 Safari/537.36"
18.68.56.84 - - [30/Mar/2024:20:25:12 +0000] "POST /plagiarism/ HTTP/1.1" 201 71 "https://chatg6.ai/" "Mozilla/5.0 (X11; Linux x86_64) AppleWebKit/537.36 (KHTML, like Gecko) Chrome/122.0.0.0 Safari/537.36"
18.68.56.84 - - [30/Mar/2024:20:25:19 +0000] "POST /plagiarism/ HTTP/1.1" 201 71 "https://chatg6.ai/" "Mozilla/5.0 (X11; Linux x86_64) AppleWebKit/537.36 (KHTML, like Gecko) Chrome/122.0.0.0 Safari/537.36"
18.68.56.84 - - [30/Mar/2024:20:25:23 +0000] "POST /plagiarism/ HTTP/1.1" 201 70 "https://chatg6.ai/" "Mozilla/5.0 (X11; Linux x86_64) AppleWebKit/537.36 (KHTML, like Gecko) Chrome/122.0.0.0 Safari/537.36"
18.68.56.84 - - [30/Mar/2024:20:25:28 +0000] "POST /plagiarism/ HTTP/1.1" 201 71 "https://chatg6.ai/" "Mozilla/5.0 (X11; Linux x86_64) AppleWebKit/537.36 (KHTML, like Gecko) Chrome/122.0.0.0 Safari/537.36"
64.252.170.92 - - [30/Mar/2024:20:28:01 +0000] "OPTIONS /plagiarism/ HTTP/1.1" 200 0 "https://chatg6.ai/" "Mozilla/5.0 (Linux; Android 7.0; G3312) AppleWebKit/537.36 (KHTML, like Gecko) Chrome/103.0.0.0 Mobile Safari/537.36"
64.252.170.73 - - [30/Mar/2024:20:28:03 +0000] "POST /plagiarism/ HTTP/1.1" 201 71 "https://chatg6.ai/" "Mozilla/5.0 (Linux; Android 7.0; G3312) AppleWebKit/537.36 (KHTML, like Gecko) Chrome/103.0.0.0 Mobile Safari/537.36"
64.252.170.92 - - [30/Mar/2024:20:28:39 +0000] "POST /plagiarism/ HTTP/1.1" 201 70 "https://chatg6.ai/" "Mozilla/5.0 (Linux; Android 7.0; G3312) AppleWebKit/537.36 (KHTML, like Gecko) Chrome/103.0.0.0 Mobile Safari/537.36"
64.252.170.92 - - [30/Mar/2024:20:29:11 +0000] "POST /plagiarism/ HTTP/1.1" 502 559 "https://chatg6.ai/" "Mozilla/5.0 (Linux; Android 7.0; G3312) AppleWebKit/537.36 (KHTML, like Gecko) Chrome/103.0.0.0 Mobile Safari/537.36"
64.252.170.92 - - [30/Mar/2024:20:29:14 +0000] "POST /plagiarism/ HTTP/1.1" 502 559 "https://chatg6.ai/" "Mozilla/5.0 (Linux; Android 7.0; G3312) AppleWebKit/537.36 (KHTML, like Gecko) Chrome/103.0.0.0 Mobile Safari/537.36"
130.176.183.70 - - [30/Mar/2024:20:29:45 +0000] "POST /plagiarism/ HTTP/1.1" 502 559 "https://chatg6.ai/" "Mozilla/5.0 (Linux; Android 7.0; G3312) AppleWebKit/537.36 (KHTML, like Gecko) Chrome/103.0.0.0 Mobile Safari/537.36"
130.176.183.70 - - [30/Mar/2024:20:29:47 +0000] "POST /plagiarism/ HTTP/1.1" 502 559 "https://chatg6.ai/" "Mozilla/5.0 (Linux; Android 7.0; G3312) AppleWebKit/537.36 (KHTML, like Gecko) Chrome/103.0.0.0 Mobile Safari/537.36"
130.176.183.123 - - [30/Mar/2024:20:29:49 +0000] "POST /plagiarism/ HTTP/1.1" 502 559 "https://chatg6.ai/" "Mozilla/5.0 (Linux; Android 7.0; G3312) AppleWebKit/537.36 (KHTML, like Gecko) Chrome/103.0.0.0 Mobile Safari/537.36"
130.176.183.86 - - [30/Mar/2024:20:29:52 +0000] "POST /plagiarism/ HTTP/1.1" 502 559 "https://chatg6.ai/" "Mozilla/5.0 (Linux; Android 7.0; G3312) AppleWebKit/537.36 (KHTML, like Gecko) Chrome/103.0.0.0 Mobile Safari/537.36"
15.158.28.6 - - [30/Mar/2024:20:33:25 +0000] "POST /plagiarism/ HTTP/1.1" 502 559 "https://chatg6.ai/" "Mozilla/5.0 (Linux; Android 7.0; G3312) AppleWebKit/537.36 (KHTML, like Gecko) Chrome/103.0.0.0 Mobile Safari/537.36"
15.158.28.52 - - [30/Mar/2024:20:33:26 +0000] "POST /plagiarism/ HTTP/1.1" 502 559 "https://chatg6.ai/" "Mozilla/5.0 (Linux; Android 7.0; G3312) AppleWebKit/537.36 (KHTML, like Gecko) Chrome/103.0.0.0 Mobile Safari/537.36"
15.158.28.9 - - [30/Mar/2024:20:33:27 +0000] "POST /plagiarism/ HTTP/1.1" 502 559 "https://chatg6.ai/" "Mozilla/5.0 (Linux; Android 7.0; G3312) AppleWebKit/537.36 (KHTML, like Gecko) Chrome/103.0.0.0 Mobile Safari/537.36"
15.158.28.52 - - [30/Mar/2024:20:33:29 +0000] "POST /plagiarism/ HTTP/1.1" 502 559 "https://chatg6.ai/" "Mozilla/5.0 (Linux; Android 7.0; G3312) AppleWebKit/537.36 (KHTML, like Gecko) Chrome/103.0.0.0 Mobile Safari/537.36"
15.158.28.6 - - [30/Mar/2024:20:33:46 +0000] "POST /plagiarism/ HTTP/1.1" 502 559 "https://chatg6.ai/" "Mozilla/5.0 (Linux; Android 7.0; G3312) AppleWebKit/537.36 (KHTML, like Gecko) Chrome/103.0.0.0 Mobile Safari/537.36"
15.158.28.52 - - [30/Mar/2024:20:33:46 +0000] "POST /plagiarism/ HTTP/1.1" 502 559 "https://chatg6.ai/" "Mozilla/5.0 (Linux; Android 7.0; G3312) AppleWebKit/537.36 (KHTML, like Gecko) Chrome/103.0.0.0 Mobile Safari/537.36"
15.158.28.9 - - [30/Mar/2024:20:33:47 +0000] "POST /plagiarism/ HTTP/1.1" 502 559 "https://chatg6.ai/" "Mozilla/5.0 (Linux; Android 7.0; G3312) AppleWebKit/537.36 (KHTML, like Gecko) Chrome/103.0.0.0 Mobile Safari/537.36"
15.158.28.9 - - [30/Mar/2024:20:33:50 +0000] "POST /plagiarism/ HTTP/1.1" 502 559 "https://chatg6.ai/" "Mozilla/5.0 (Linux; Android 7.0; G3312) AppleWebKit/537.36 (KHTML, like Gecko) Chrome/103.0.0.0 Mobile Safari/537.36"
199.45.155.38 - - [30/Mar/2024:20:34:01 +0000] "GET / HTTP/1.1" 502 157 "-" "-"
199.45.155.38 - - [30/Mar/2024:20:34:05 +0000] "GET / HTTP/1.1" 502 157 "-" "Mozilla/5.0 (compatible; CensysInspect/1.1; +https://about.censys.io/)"
199.45.155.38 - - [30/Mar/2024:20:34:06 +0000] "PRI * HTTP/2.0" 400 157 "-" "-"
45.142.182.76 - - [30/Mar/2024:21:40:34 +0000] "GET / HTTP/1.1" 404 180 "-" "-"
52.46.48.73 - - [30/Mar/2024:21:40:53 +0000] "OPTIONS /plagiarism/ HTTP/1.1" 200 0 "https://chatg6.ai/" "Mozilla/5.0 (X11; Linux x86_64) AppleWebKit/537.36 (KHTML, like Gecko) Chrome/122.0.0.0 Safari/537.36"
52.46.48.82 - - [30/Mar/2024:21:40:56 +0000] "POST /plagiarism/ HTTP/1.1" 201 71 "https://chatg6.ai/" "Mozilla/5.0 (X11; Linux x86_64) AppleWebKit/537.36 (KHTML, like Gecko) Chrome/122.0.0.0 Safari/537.36"
52.46.48.141 - - [30/Mar/2024:21:41:06 +0000] "POST /plagiarism/ HTTP/1.1" 201 71 "https://chatg6.ai/" "Mozilla/5.0 (X11; Linux x86_64) AppleWebKit/537.36 (KHTML, like Gecko) Chrome/122.0.0.0 Safari/537.36"
52.46.48.73 - - [30/Mar/2024:21:41:11 +0000] "POST /plagiarism/ HTTP/1.1" 201 71 "https://chatg6.ai/" "Mozilla/5.0 (X11; Linux x86_64) AppleWebKit/537.36 (KHTML, like Gecko) Chrome/122.0.0.0 Safari/537.36"
52.46.48.73 - - [30/Mar/2024:21:41:19 +0000] "POST /plagiarism/ HTTP/1.1" 201 71 "https://chatg6.ai/" "Mozilla/5.0 (X11; Linux x86_64) AppleWebKit/537.36 (KHTML, like Gecko) Chrome/122.0.0.0 Safari/537.36"
198.235.24.153 - - [30/Mar/2024:21:45:24 +0000] "\x16\x03\x01\x00\xCA\x01\x00\x00\xC6\x03\x03\xDC\xDFM\xCE.s>\x1C\xD5\xD7=\xA6*\x92\x075\xCB\xD7\x96Kk\xDFNt\x96J*\x04Aw\xFB|\x00\x00h\xCC\x14\xCC\x13\xC0/\xC0+\xC00\xC0,\xC0\x11\xC0\x07\xC0'\xC0#\xC0\x13\xC0\x09\xC0(\xC0$\xC0\x14\xC0" 400 157 "-" "-"
198.235.24.153 - - [30/Mar/2024:21:45:24 +0000] "\x16\x03\x01\x00\xEE\x01\x00\x00\xEA\x03\x03\xE7\x96\xDF0\x9EIN/\xB1\x11a\xDA\x162\xA7\xEE\xDBu\xD7\x98\xA8p\xA9|\x17D;\xE2;)\x19\xDD \xE6\x98\xEC[\xDF\xDE\xF6'\x09\xF6\x1AOhj)X\x04\xC1\x98%+\xCAw\xE2mr\xD7\xE7\xC78\xB6\xDD\x00&\xC0+\xC0/\xC0,\xC00\xCC\xA9\xCC\xA8\xC0\x09\xC0\x13\xC0" 400 157 "-" "-"
64.252.110.16 - - [30/Mar/2024:21:56:38 +0000] "GET / HTTP/1.1" 404 180 "-" "Mozilla/5.0 (X11; Linux x86_64) AppleWebKit/537.36 (KHTML, like Gecko) Chrome/122.0.0.0 Safari/537.36"
52.46.48.73 - - [30/Mar/2024:21:58:08 +0000] "POST /plagiarism/ HTTP/1.1" 201 70 "https://chatg6.ai/" "Mozilla/5.0 (X11; Linux x86_64) AppleWebKit/537.36 (KHTML, like Gecko) Chrome/122.0.0.0 Safari/537.36"
52.46.48.73 - - [30/Mar/2024:21:58:15 +0000] "POST /plagiarism/ HTTP/1.1" 201 70 "https://chatg6.ai/" "Mozilla/5.0 (X11; Linux x86_64) AppleWebKit/537.36 (KHTML, like Gecko) Chrome/122.0.0.0 Safari/537.36"
52.46.48.73 - - [30/Mar/2024:21:58:22 +0000] "POST /plagiarism/ HTTP/1.1" 201 71 "https://chatg6.ai/" "Mozilla/5.0 (X11; Linux x86_64) AppleWebKit/537.36 (KHTML, like Gecko) Chrome/122.0.0.0 Safari/537.36"
52.46.48.73 - - [30/Mar/2024:21:58:29 +0000] "POST /plagiarism/ HTTP/1.1" 201 71 "https://chatg6.ai/" "Mozilla/5.0 (X11; Linux x86_64) AppleWebKit/537.36 (KHTML, like Gecko) Chrome/122.0.0.0 Safari/537.36"
52.46.48.73 - - [30/Mar/2024:22:02:10 +0000] "POST /plagiarism/ HTTP/1.1" 201 71 "https://chatg6.ai/" "Mozilla/5.0 (X11; Linux x86_64) AppleWebKit/537.36 (KHTML, like Gecko) Chrome/122.0.0.0 Safari/537.36"
52.46.48.73 - - [30/Mar/2024:22:02:15 +0000] "POST /plagiarism/ HTTP/1.1" 201 71 "https://chatg6.ai/" "Mozilla/5.0 (X11; Linux x86_64) AppleWebKit/537.36 (KHTML, like Gecko) Chrome/122.0.0.0 Safari/537.36"
52.46.48.73 - - [30/Mar/2024:22:02:20 +0000] "POST /plagiarism/ HTTP/1.1" 201 71 "https://chatg6.ai/" "Mozilla/5.0 (X11; Linux x86_64) AppleWebKit/537.36 (KHTML, like Gecko) Chrome/122.0.0.0 Safari/537.36"
52.46.48.82 - - [30/Mar/2024:22:02:27 +0000] "POST /plagiarism/ HTTP/1.1" 201 71 "https://chatg6.ai/" "Mozilla/5.0 (X11; Linux x86_64) AppleWebKit/537.36 (KHTML, like Gecko) Chrome/122.0.0.0 Safari/537.36"
52.46.48.73 - - [30/Mar/2024:22:06:00 +0000] "POST /plagiarism/ HTTP/1.1" 201 71 "https://chatg6.ai/" "Mozilla/5.0 (X11; Linux x86_64) AppleWebKit/537.36 (KHTML, like Gecko) Chrome/122.0.0.0 Safari/537.36"
52.46.48.73 - - [30/Mar/2024:22:06:05 +0000] "POST /plagiarism/ HTTP/1.1" 201 71 "https://chatg6.ai/" "Mozilla/5.0 (X11; Linux x86_64) AppleWebKit/537.36 (KHTML, like Gecko) Chrome/122.0.0.0 Safari/537.36"
52.46.48.73 - - [30/Mar/2024:22:06:11 +0000] "POST /plagiarism/ HTTP/1.1" 201 71 "https://chatg6.ai/" "Mozilla/5.0 (X11; Linux x86_64) AppleWebKit/537.36 (KHTML, like Gecko) Chrome/122.0.0.0 Safari/537.36"
52.46.48.73 - - [30/Mar/2024:22:06:17 +0000] "POST /plagiarism/ HTTP/1.1" 201 71 "https://chatg6.ai/" "Mozilla/5.0 (X11; Linux x86_64) AppleWebKit/537.36 (KHTML, like Gecko) Chrome/122.0.0.0 Safari/537.36"
52.46.48.73 - - [30/Mar/2024:22:08:13 +0000] "POST /plagiarism/ HTTP/1.1" 201 29 "https://chatg6.ai/" "Mozilla/5.0 (X11; Linux x86_64) AppleWebKit/537.36 (KHTML, like Gecko) Chrome/122.0.0.0 Safari/537.36"
52.46.48.73 - - [30/Mar/2024:22:09:45 +0000] "POST /plagiarism/ HTTP/1.1" 201 29 "https://chatg6.ai/" "Mozilla/5.0 (X11; Linux x86_64) AppleWebKit/537.36 (KHTML, like Gecko) Chrome/122.0.0.0 Safari/537.36"
52.46.48.73 - - [30/Mar/2024:22:22:22 +0000] "OPTIONS /literature/ HTTP/1.1" 200 0 "https://chatg6.ai/" "Mozilla/5.0 (X11; Linux x86_64) AppleWebKit/537.36 (KHTML, like Gecko) Chrome/122.0.0.0 Safari/537.36"
52.46.48.82 - - [30/Mar/2024:22:23:23 +0000] "POST /literature/ HTTP/1.1" 499 0 "https://chatg6.ai/" "Mozilla/5.0 (X11; Linux x86_64) AppleWebKit/537.36 (KHTML, like Gecko) Chrome/122.0.0.0 Safari/537.36"
52.46.48.73 - - [30/Mar/2024:22:24:32 +0000] "POST /literature/ HTTP/1.1" 499 0 "https://chatg6.ai/" "Mozilla/5.0 (X11; Linux x86_64) AppleWebKit/537.36 (KHTML, like Gecko) Chrome/122.0.0.0 Safari/537.36"
52.46.48.73 - - [30/Mar/2024:22:25:12 +0000] "POST /literature/ HTTP/1.1" 499 0 "https://chatg6.ai/" "Mozilla/5.0 (X11; Linux x86_64) AppleWebKit/537.36 (KHTML, like Gecko) Chrome/122.0.0.0 Safari/537.36"
78.153.140.177 - - [30/Mar/2024:22:35:06 +0000] "\x16\x03\x01\x01H\x01\x00\x01D\x03\x03\xB4\x88?\xC7N\x5C<\x85\x1EE\x22\x0C\xAEA\x88P\x8C\xE9P\x04\xF3\xB5^\x91T*7pV\x5C\xE1P iR\x885p6&:\xF9\x1B\x84RxuN\xF2dVSP\xBA\xE3\x9C\x13\x0B\xCA/\xDB\xAA\xEB\xA5z\x00b\x13\x02\x13\x03\x13\x01\xC0,\xC00\xC0+\xC0/\xCC\xA9\xCC\xA8\x00\xA3\x00\x9F\x00\xA2\x00\x9E\xCC\xAA\xC0\xAF\xC0\xAD\xC0$\xC0(\xC0" 400 157 "-" "-"
78.153.140.177 - - [30/Mar/2024:22:35:07 +0000] "GET /.env HTTP/1.1" 404 180 "-" "Mozilla/5.0 (X11; Linux x86_64) AppleWebKit/537.36 (KHTML, like Gecko) Chrome/81.0.4044.129 Safari/537.36"
52.46.48.73 - - [30/Mar/2024:22:39:37 +0000] "POST /plagiarism/ HTTP/1.1" 201 71 "https://chatg6.ai/" "Mozilla/5.0 (X11; Linux x86_64) AppleWebKit/537.36 (KHTML, like Gecko) Chrome/122.0.0.0 Safari/537.36"
104.194.8.203 - - [30/Mar/2024:23:28:40 +0000] "GET /static/yuandong-ec9eec26.ico HTTP/1.1" 400 181 "-" "Mozilla/5.0 (Macintosh; Intel Mac OS X 10_10_5) AppleWebKit/600.8.9 (KHTML, like Gecko) Version/8.0.8 Safari/600.8.9"
162.243.149.6 - - [30/Mar/2024:23:55:26 +0000] "GET /druid/index.html HTTP/1.1" 404 180 "-" "Mozilla/5.0 zgrab/0.x"
198.235.24.10 - - [31/Mar/2024:01:14:57 +0000] "GET / HTTP/1.0" 404 180 "-" "Expanse, a Palo Alto Networks company, searches across the global IPv4 space multiple times per day to identify customers&#39; presences on the Internet. If you would like to be excluded from our scans, please send IP addresses/domains to: scaninfo@paloaltonetworks.com"
38.54.56.101 - - [31/Mar/2024:01:28:42 +0000] "GET /.env HTTP/1.1" 404 180 "-" "Mozilla/5.0 (Macintosh; Intel Mac OS X 10.15; rv:77.0) Gecko/20100101 Firefox/77.0"
38.54.56.101 - - [31/Mar/2024:01:28:42 +0000] "GET /wp-content/ HTTP/1.1" 404 180 "-" "Mozilla/5.0 (Macintosh; Intel Mac OS X 10.15; rv:77.0) Gecko/20100101 Firefox/77.0"
185.254.196.186 - - [31/Mar/2024:02:14:07 +0000] "GET /.env HTTP/1.1" 404 180 "-" "Mozilla/5.0 (X11; Linux x86_64) AppleWebKit/537.36 (KHTML, like Gecko) Chrome/81.0.4044.129 Safari/537.36"
185.254.196.186 - - [31/Mar/2024:02:14:07 +0000] "POST / HTTP/1.1" 404 180 "-" "Mozilla/5.0 (X11; Linux x86_64) AppleWebKit/537.36 (KHTML, like Gecko) Chrome/81.0.4044.129 Safari/537.36"
35.203.210.154 - - [31/Mar/2024:02:22:14 +0000] "GET / HTTP/1.1" 404 180 "-" "Expanse, a Palo Alto Networks company, searches across the global IPv4 space multiple times per day to identify customers&#39; presences on the Internet. If you would like to be excluded from our scans, please send IP addresses/domains to: scaninfo@paloaltonetworks.com"
205.210.31.240 - - [31/Mar/2024:02:28:52 +0000] "GET / HTTP/1.0" 404 180 "-" "Expanse, a Palo Alto Networks company, searches across the global IPv4 space multiple times per day to identify customers&#39; presences on the Internet. If you would like to be excluded from our scans, please send IP addresses/domains to: scaninfo@paloaltonetworks.com"
185.254.196.186 - - [31/Mar/2024:03:45:20 +0000] "GET /.env HTTP/1.1" 404 180 "-" "Mozilla/5.0 (X11; Linux x86_64) AppleWebKit/537.36 (KHTML, like Gecko) Chrome/81.0.4044.129 Safari/537.36"
185.254.196.186 - - [31/Mar/2024:03:45:21 +0000] "POST / HTTP/1.1" 404 180 "-" "Mozilla/5.0 (X11; Linux x86_64) AppleWebKit/537.36 (KHTML, like Gecko) Chrome/81.0.4044.129 Safari/537.36"
45.79.168.172 - - [31/Mar/2024:04:02:16 +0000] "\x03\x00\x00&!\xE0\x00\x00\xFE\xCA\x00Cookie: mstshash=" 400 157 "-" "-"
172.104.11.46 - - [31/Mar/2024:04:02:30 +0000] "GET / HTTP/1.1" 404 180 "-" "Mozilla/5.0 (Macintosh; Intel Mac OS X 13_1) AppleWebKit/537.36 (KHTML, like Gecko) Chrome/108.0.0.0 Safari/537.36"
104.152.52.159 - - [31/Mar/2024:04:19:31 +0000] "GET / HTTP/1.0" 404 180 "-" "masscan/1.3 (https://github.com/robertdavidgraham/masscan)"
89.58.30.26 - - [31/Mar/2024:04:44:11 +0000] "GET / HTTP/1.1" 400 181 "-" "Go-http-client/1.1"
185.254.196.186 - - [31/Mar/2024:05:14:51 +0000] "GET /.env HTTP/1.1" 404 180 "-" "Mozilla/5.0 (X11; Linux x86_64) AppleWebKit/537.36 (KHTML, like Gecko) Chrome/81.0.4044.129 Safari/537.36"
185.254.196.186 - - [31/Mar/2024:05:14:51 +0000] "POST / HTTP/1.1" 404 180 "-" "Mozilla/5.0 (X11; Linux x86_64) AppleWebKit/537.36 (KHTML, like Gecko) Chrome/81.0.4044.129 Safari/537.36"
62.210.90.217 - - [31/Mar/2024:05:20:07 +0000] "HEAD / HTTP/1.1" 404 0 "-" "curl/7.81.0"
62.210.90.217 - - [31/Mar/2024:05:20:09 +0000] "GET / HTTP/1.1" 404 180 "-" "Mozilla/5.0 (Windows NT 10.0; Win64; x64) AppleWebKit/537.36 (KHTML, like Gecko) Chrome/122.0.0.0 Safari/537.3"
62.210.90.217 - - [31/Mar/2024:05:20:09 +0000] "GET /favicon.ico HTTP/1.1" 404 180 "-" "Mozilla/5.0 (Windows NT 10.0; Win64; x64) AppleWebKit/537.36 (KHTML, like Gecko) Chrome/122.0.0.0 Safari/537.3"
62.210.90.217 - - [31/Mar/2024:05:20:09 +0000] "GET /ads.txt HTTP/1.1" 404 180 "-" "Mozilla/5.0 (Windows NT 10.0; Win64; x64) AppleWebKit/537.36 (KHTML, like Gecko) Chrome/122.0.0.0 Safari/537.3"
62.210.90.217 - - [31/Mar/2024:05:20:09 +0000] "GET /app-ads.txt HTTP/1.1" 404 180 "-" "Mozilla/5.0 (Windows NT 10.0; Win64; x64) AppleWebKit/537.36 (KHTML, like Gecko) Chrome/122.0.0.0 Safari/537.3"
62.210.90.217 - - [31/Mar/2024:05:20:10 +0000] "GET /sellers.json HTTP/1.1" 404 180 "-" "Mozilla/5.0 (Windows NT 10.0; Win64; x64) AppleWebKit/537.36 (KHTML, like Gecko) Chrome/122.0.0.0 Safari/537.3"
134.209.27.215 - - [31/Mar/2024:05:42:59 +0000] "\x16\x03\x01\x01\xFB\x01\x00\x01\xF7\x03\x03\xB3\xF0\xAA\x9A\xC2\xE9\xDAz\xBC\x80iA\xA7\x89\xC3\x96B\x01\xF2\x9B\xD4G]\x16\x8B\x0F(\x16\x22\x908\xF5\x00\x01<\xCC\x14\xCC\x13\xCC\x15\xC00\xC0,\xC0(\xC0$\xC0\x14\xC0" 400 157 "-" "-"
205.210.31.161 - - [31/Mar/2024:06:07:01 +0000] "GET / HTTP/1.1" 404 180 "-" "Expanse, a Palo Alto Networks company, searches across the global IPv4 space multiple times per day to identify customers&#39; presences on the Internet. If you would like to be excluded from our scans, please send IP addresses/domains to: scaninfo@paloaltonetworks.com"
89.58.30.26 - - [31/Mar/2024:06:14:41 +0000] "GET /region HTTP/1.1" 400 181 "-" "Go-http-client/1.1"
185.254.196.173 - - [31/Mar/2024:06:35:51 +0000] "GET /.env HTTP/1.1" 404 180 "-" "Mozilla/5.0 (X11; Linux x86_64) AppleWebKit/537.36 (KHTML, like Gecko) Chrome/81.0.4044.129 Safari/537.36"
185.254.196.173 - - [31/Mar/2024:06:35:51 +0000] "POST / HTTP/1.1" 404 180 "-" "Mozilla/5.0 (X11; Linux x86_64) AppleWebKit/537.36 (KHTML, like Gecko) Chrome/81.0.4044.129 Safari/537.36"
185.242.226.80 - - [31/Mar/2024:07:13:20 +0000] "GET / HTTP/1.1" 404 180 "-" "Mozilla/5.0 (Windows NT 10.0; Win64; x64) AppleWebKit/537.36 (KHTML, like Gecko) Chrome/88.0.4324.190 Safari/537.36"
130.176.33.148 - - [31/Mar/2024:07:32:12 +0000] "POST /plagiarism/ HTTP/1.1" 201 71 "-" "python-requests/2.31.0"
130.176.33.148 - - [31/Mar/2024:07:42:37 +0000] "OPTIONS /outline/ HTTP/1.1" 200 0 "https://chatg6.ai/" "Mozilla/5.0 (Windows NT 10.0; Win64; x64) AppleWebKit/537.36 (KHTML, like Gecko) Chrome/122.0.0.0 Safari/537.36"
130.176.33.81 - - [31/Mar/2024:07:42:47 +0000] "POST /outline/ HTTP/1.1" 500 85 "https://chatg6.ai/" "Mozilla/5.0 (Windows NT 10.0; Win64; x64) AppleWebKit/537.36 (KHTML, like Gecko) Chrome/122.0.0.0 Safari/537.36"
130.176.33.148 - - [31/Mar/2024:07:43:52 +0000] "POST /outline/ HTTP/1.1" 500 85 "https://chatg6.ai/" "Mozilla/5.0 (Windows NT 10.0; Win64; x64) AppleWebKit/537.36 (KHTML, like Gecko) Chrome/122.0.0.0 Safari/537.36"
130.176.33.148 - - [31/Mar/2024:07:44:16 +0000] "OPTIONS /plagiarism/ HTTP/1.1" 200 0 "https://chatg6.ai/" "Mozilla/5.0 (Windows NT 10.0; Win64; x64) AppleWebKit/537.36 (KHTML, like Gecko) Chrome/122.0.0.0 Safari/537.36"
130.176.33.78 - - [31/Mar/2024:07:44:19 +0000] "POST /plagiarism/ HTTP/1.1" 201 71 "https://chatg6.ai/" "Mozilla/5.0 (Windows NT 10.0; Win64; x64) AppleWebKit/537.36 (KHTML, like Gecko) Chrome/122.0.0.0 Safari/537.36"
117.29.44.103 - - [31/Mar/2024:08:03:34 +0000] "GET / HTTP/1.1" 404 180 "-" "-"
221.11.20.171 - - [31/Mar/2024:08:04:09 +0000] "GET / HTTP/1.1" 404 180 "-" "Mozilla/5.0 (Windows NT 6.1) AppleWebKit/537.36 (KHTML, like Gecko) Chrome/49.0.2623.112 Safari/537.36"
15.158.45.113 - - [31/Mar/2024:08:04:45 +0000] "POST /plagiarism/ HTTP/1.1" 201 71 "-" "python-requests/2.31.0"
64.252.88.84 - - [31/Mar/2024:08:04:54 +0000] "GET / HTTP/1.1" 404 180 "-" "Mozilla/5.0 (Windows NT 10.0; Win64; x64) AppleWebKit/537.36 (KHTML, like Gecko) Chrome/122.0.0.0 Safari/537.36"
15.158.45.113 - - [31/Mar/2024:08:05:18 +0000] "POST /plagiarism/ HTTP/1.1" 201 70 "https://chatg6.ai/" "Mozilla/5.0 (Windows NT 10.0; Win64; x64) AppleWebKit/537.36 (KHTML, like Gecko) Chrome/122.0.0.0 Safari/537.36"
185.254.196.186 - - [31/Mar/2024:08:07:09 +0000] "GET /.env HTTP/1.1" 404 180 "-" "Mozilla/5.0 (X11; Linux x86_64) AppleWebKit/537.36 (KHTML, like Gecko) Chrome/81.0.4044.129 Safari/537.36"
185.254.196.186 - - [31/Mar/2024:08:07:10 +0000] "POST / HTTP/1.1" 404 180 "-" "Mozilla/5.0 (X11; Linux x86_64) AppleWebKit/537.36 (KHTML, like Gecko) Chrome/81.0.4044.129 Safari/537.36"
192.241.199.82 - - [31/Mar/2024:08:09:40 +0000] "GET /manager/text/list HTTP/1.1" 404 180 "-" "Mozilla/5.0 zgrab/0.x"
192.241.237.44 - - [31/Mar/2024:08:22:28 +0000] "GET /actuator/health HTTP/1.1" 404 180 "-" "Mozilla/5.0 zgrab/0.x"
15.158.45.113 - - [31/Mar/2024:08:22:44 +0000] "POST /outline/ HTTP/1.1" 500 85 "https://chatg6.ai/" "Mozilla/5.0 (Windows NT 10.0; Win64; x64) AppleWebKit/537.36 (KHTML, like Gecko) Chrome/122.0.0.0 Safari/537.36"
192.241.219.20 - - [31/Mar/2024:08:23:24 +0000] "MGLNDD_51.20.165.45_80" 400 157 "-" "-"
138.68.239.54 - - [31/Mar/2024:08:24:21 +0000] "\x16\x03\x01\x00{\x01\x00\x00w\x03\x03\xEC\xFDF}\x87\x1Fg\x97\x04q\x16\x97\x9Db4\x8E|\xF2\xBF$\xBA\xA0\x1Ay\xAB\xB7\x9A\x0B_x\xE0<\x00\x00\x1A\xC0/\xC0+\xC0\x11\xC0\x07\xC0\x13\xC0\x09\xC0\x14\xC0" 400 157 "-" "-"
138.68.239.54 - - [31/Mar/2024:08:24:21 +0000] "\x16\x03\x01\x00{\x01\x00\x00w\x03\x03\x0C\xF1\xA9.0]\x80[\xEC\xE8\x85\xA4\x9Fp4\xB8\xA8\x19\x90\xE6\xB5[[\x8D\x9D^\x91\xBE\x0CTz\xBC\x00\x00\x1A\xC0/\xC0+\xC0\x11\xC0\x07\xC0\x13\xC0\x09\xC0\x14\xC0" 400 157 "-" "-"
138.68.239.54 - - [31/Mar/2024:08:24:21 +0000] "GET / HTTP/1.1" 404 180 "-" "Mozilla/5.0 (Windows NT 10.0; Win64; x64) AppleWebKit/537.36 (KHTML, like Gecko) Chrome/108.0.0.0 Safari/537.36"
138.68.239.54 - - [31/Mar/2024:08:24:21 +0000] "GET /form.html HTTP/1.1" 404 180 "-" "curl/8.1.2"
138.68.239.54 - - [31/Mar/2024:08:24:22 +0000] "GET /upl.php HTTP/1.1" 404 180 "-" "Mozilla/5.0"
138.68.239.54 - - [31/Mar/2024:08:24:22 +0000] "\x16\x03\x01\x00{\x01\x00\x00w\x03\x03\x92%(VA1\xAC\x1D\xA8G{\x17u_\x8F\x22\x06b\xBE\xB9\xE7\xD5J\xB9\x106\xFDkA\x0F'\xD3\x00\x00\x1A\xC0/\xC0+\xC0\x11\xC0\x07\xC0\x13\xC0\x09\xC0\x14\xC0" 400 157 "-" "-"
138.68.239.54 - - [31/Mar/2024:08:24:22 +0000] "GET /geoip/ HTTP/1.1" 404 180 "-" "Mozilla/5.0 (Windows NT 10.0; Win64; x64) AppleWebKit/537.36 (KHTML, like Gecko) Chrome/108.0.0.0 Safari/537.36"
138.68.239.54 - - [31/Mar/2024:08:24:23 +0000] "GET /favicon.ico HTTP/1.1" 404 180 "-" "Mozilla/5.0 (Windows NT 10.0; Win64; x64) AppleWebKit/537.36 (KHTML, like Gecko) Chrome/108.0.0.0 Safari/537.36"
15.158.45.113 - - [31/Mar/2024:08:24:23 +0000] "POST /outline/ HTTP/1.1" 500 85 "https://chatg6.ai/" "Mozilla/5.0 (Windows NT 10.0; Win64; x64) AppleWebKit/537.36 (KHTML, like Gecko) Chrome/122.0.0.0 Safari/537.36"
138.68.239.54 - - [31/Mar/2024:08:24:23 +0000] "GET /1.php HTTP/1.1" 404 180 "-" "Mozilla/5.0 (Windows NT 10.0; Win64; x64) AppleWebKit/537.36 (KHTML, like Gecko) Chrome/108.0.0.0 Safari/537.36"
138.68.239.54 - - [31/Mar/2024:08:24:23 +0000] "GET /bundle.js HTTP/1.1" 404 180 "-" "Mozilla/5.0 (Windows NT 10.0; Win64; x64) AppleWebKit/537.36 (KHTML, like Gecko) Chrome/108.0.0.0 Safari/537.36"
138.68.239.54 - - [31/Mar/2024:08:24:25 +0000] "GET /files/ HTTP/1.1" 404 180 "-" "Mozilla/5.0 (Windows NT 10.0; Win64; x64) AppleWebKit/537.36 (KHTML, like Gecko) Chrome/108.0.0.0 Safari/537.36"
138.68.239.54 - - [31/Mar/2024:08:24:25 +0000] "GET /systembc/password.php HTTP/1.1" 404 180 "-" "Mozilla/5.0 (Windows NT 10.0; Win64; x64) AppleWebKit/537.36 (KHTML, like Gecko) Chrome/108.0.0.0 Safari/537.36"
138.68.239.54 - - [31/Mar/2024:08:24:25 +0000] "GET /password.php HTTP/1.1" 404 180 "-" "Mozilla/5.0 (Windows NT 10.0; Win64; x64) AppleWebKit/537.36 (KHTML, like Gecko) Chrome/108.0.0.0 Safari/537.36"
138.68.239.54 - - [31/Mar/2024:08:24:26 +0000] "GET /info.php HTTP/1.1" 404 180 "-" "Mozilla/5.0 (Windows NT 10.0; Win64; x64) AppleWebKit/537.36 (KHTML, like Gecko) Chrome/108.0.0.0 Safari/537.36"
15.158.45.113 - - [31/Mar/2024:08:37:32 +0000] "POST /plagiarism/ HTTP/1.1" 201 71 "-" "python-requests/2.31.0"
15.158.45.113 - - [31/Mar/2024:08:37:47 +0000] "POST /literature/ HTTP/1.1" 500 42 "-" "python-requests/2.31.0"
15.158.45.113 - - [31/Mar/2024:08:38:03 +0000] "POST /literature/ HTTP/1.1" 500 42 "-" "python-requests/2.31.0"
15.158.45.113 - - [31/Mar/2024:08:38:21 +0000] "POST /literature/ HTTP/1.1" 500 42 "-" "python-requests/2.31.0"
15.158.45.113 - - [31/Mar/2024:08:49:37 +0000] "POST /plagiarism/ HTTP/1.1" 201 71 "-" "python-requests/2.31.0"
185.107.56.128 - - [31/Mar/2024:08:50:08 +0000] "POST /documentation/ HTTP/1.1" 500 85 "-" "python-requests/2.31.0"
185.107.56.128 - - [31/Mar/2024:08:50:27 +0000] "POST /documentation/ HTTP/1.1" 500 85 "-" "python-requests/2.31.0"
18.68.56.84 - - [31/Mar/2024:08:50:59 +0000] "POST /literature/ HTTP/1.1" 500 42 "-" "python-requests/2.31.0"
18.68.56.84 - - [31/Mar/2024:08:52:07 +0000] "POST /documentation/ HTTP/1.1" 500 85 "-" "python-requests/2.31.0"
18.68.56.84 - - [31/Mar/2024:08:52:47 +0000] "POST /complete/ HTTP/1.1" 500 85 "-" "python-requests/2.31.0"
18.68.56.84 - - [31/Mar/2024:08:53:45 +0000] "POST /outline/ HTTP/1.1" 500 85 "https://chatg6.ai/" "Mozilla/5.0 (Windows NT 10.0; Win64; x64) AppleWebKit/537.36 (KHTML, like Gecko) Chrome/122.0.0.0 Safari/537.36"
64.252.88.203 - - [31/Mar/2024:08:54:13 +0000] "GET / HTTP/1.1" 404 180 "-" "Mozilla/5.0 (Windows NT 10.0; Win64; x64) AppleWebKit/537.36 (KHTML, like Gecko) Chrome/122.0.0.0 Safari/537.36"
18.68.56.84 - - [31/Mar/2024:09:01:12 +0000] "OPTIONS /literature/ HTTP/1.1" 200 0 "https://chatg6.ai/" "Mozilla/5.0 (Windows NT 10.0; Win64; x64) AppleWebKit/537.36 (KHTML, like Gecko) Chrome/122.0.0.0 Safari/537.36"
18.68.56.105 - - [31/Mar/2024:09:01:12 +0000] "POST /literature/ HTTP/1.1" 500 42 "https://chatg6.ai/" "Mozilla/5.0 (Windows NT 10.0; Win64; x64) AppleWebKit/537.36 (KHTML, like Gecko) Chrome/122.0.0.0 Safari/537.36"
18.68.56.84 - - [31/Mar/2024:09:01:37 +0000] "POST /literature/ HTTP/1.1" 500 42 "https://chatg6.ai/" "Mozilla/5.0 (Windows NT 10.0; Win64; x64) AppleWebKit/537.36 (KHTML, like Gecko) Chrome/122.0.0.0 Safari/537.36"
18.68.56.84 - - [31/Mar/2024:09:01:54 +0000] "POST /literature/ HTTP/1.1" 500 42 "https://chatg6.ai/" "Mozilla/5.0 (Windows NT 10.0; Win64; x64) AppleWebKit/537.36 (KHTML, like Gecko) Chrome/122.0.0.0 Safari/537.36"
18.68.56.84 - - [31/Mar/2024:09:02:26 +0000] "POST /literature/ HTTP/1.1" 500 42 "https://chatg6.ai/" "Mozilla/5.0 (Windows NT 10.0; Win64; x64) AppleWebKit/537.36 (KHTML, like Gecko) Chrome/122.0.0.0 Safari/537.36"
18.68.56.84 - - [31/Mar/2024:09:03:27 +0000] "POST /plagiarism/ HTTP/1.1" 201 71 "-" "python-requests/2.31.0"
18.68.56.84 - - [31/Mar/2024:09:08:36 +0000] "POST /plagiarism/ HTTP/1.1" 201 71 "-" "python-requests/2.31.0"
18.68.56.84 - - [31/Mar/2024:09:08:57 +0000] "POST /literature/ HTTP/1.1" 500 42 "-" "python-requests/2.31.0"
18.68.56.84 - - [31/Mar/2024:09:09:53 +0000] "POST /documentation/ HTTP/1.1" 500 85 "-" "python-requests/2.31.0"
18.68.56.84 - - [31/Mar/2024:09:10:35 +0000] "POST /complete/ HTTP/1.1" 500 85 "-" "python-requests/2.31.0"
18.68.56.84 - - [31/Mar/2024:09:14:01 +0000] "POST /plagiarism/ HTTP/1.1" 201 71 "-" "python-requests/2.31.0"
18.68.56.84 - - [31/Mar/2024:09:14:15 +0000] "POST /literature/ HTTP/1.1" 500 42 "-" "python-requests/2.31.0"
18.68.56.84 - - [31/Mar/2024:09:18:35 +0000] "POST /literature/ HTTP/1.1" 201 4288 "-" "python-requests/2.31.0"
18.68.56.84 - - [31/Mar/2024:09:19:53 +0000] "POST /documentation/ HTTP/1.1" 201 840 "-" "python-requests/2.31.0"
18.68.56.84 - - [31/Mar/2024:09:20:25 +0000] "POST /complete/ HTTP/1.1" 201 847 "-" "python-requests/2.31.0"
18.68.56.84 - - [31/Mar/2024:09:21:22 +0000] "POST /outline/ HTTP/1.1" 201 2323 "https://chatg6.ai/" "Mozilla/5.0 (Windows NT 10.0; Win64; x64) AppleWebKit/537.36 (KHTML, like Gecko) Chrome/122.0.0.0 Safari/537.36"
18.68.56.84 - - [31/Mar/2024:09:21:26 +0000] "OPTIONS /article/ HTTP/1.1" 200 0 "https://chatg6.ai/" "Mozilla/5.0 (Windows NT 10.0; Win64; x64) AppleWebKit/537.36 (KHTML, like Gecko) Chrome/122.0.0.0 Safari/537.36"
18.68.56.77 - - [31/Mar/2024:09:22:19 +0000] "POST /article/ HTTP/1.1" 201 6312 "https://chatg6.ai/" "Mozilla/5.0 (Windows NT 10.0; Win64; x64) AppleWebKit/537.36 (KHTML, like Gecko) Chrome/122.0.0.0 Safari/537.36"
18.68.56.84 - - [31/Mar/2024:09:23:29 +0000] "POST /literature/ HTTP/1.1" 201 2995 "https://chatg6.ai/" "Mozilla/5.0 (Windows NT 10.0; Win64; x64) AppleWebKit/537.36 (KHTML, like Gecko) Chrome/122.0.0.0 Safari/537.36"
18.68.56.84 - - [31/Mar/2024:09:29:49 +0000] "POST /complete/ HTTP/1.1" 502 157 "-" "python-requests/2.31.0"
18.68.56.84 - - [31/Mar/2024:09:30:50 +0000] "POST /plagiarism/ HTTP/1.1" 502 157 "-" "python-requests/2.31.0"
64.252.88.203 - - [31/Mar/2024:09:31:04 +0000] "GET / HTTP/1.1" 502 559 "-" "Mozilla/5.0 (Windows NT 10.0; Win64; x64) AppleWebKit/537.36 (KHTML, like Gecko) Chrome/122.0.0.0 Safari/537.36"
64.252.88.84 - - [31/Mar/2024:09:36:51 +0000] "GET / HTTP/1.1" 502 559 "-" "Mozilla/5.0 (Windows NT 10.0; Win64; x64) AppleWebKit/537.36 (KHTML, like Gecko) Chrome/122.0.0.0 Safari/537.36"
18.68.56.84 - - [31/Mar/2024:09:37:10 +0000] "POST /plagiarism/ HTTP/1.1" 502 157 "-" "python-requests/2.31.0"
64.252.88.203 - - [31/Mar/2024:09:37:21 +0000] "GET / HTTP/1.1" 502 559 "-" "Mozilla/5.0 (Windows NT 10.0; Win64; x64) AppleWebKit/537.36 (KHTML, like Gecko) Chrome/122.0.0.0 Safari/537.36"
64.252.88.145 - - [31/Mar/2024:09:38:00 +0000] "GET / HTTP/1.1" 502 559 "-" "Mozilla/5.0 (Windows NT 10.0; Win64; x64) AppleWebKit/537.36 (KHTML, like Gecko) Chrome/122.0.0.0 Safari/537.36"
185.215.150.80 - - [31/Mar/2024:09:45:44 +0000] "GET /.env HTTP/1.1" 502 559 "-" "Mozilla/5.0 (X11; Linux x86_64) AppleWebKit/537.36 (KHTML, like Gecko) Chrome/81.0.4044.129 Safari/537.36"
185.215.150.80 - - [31/Mar/2024:09:45:44 +0000] "POST / HTTP/1.1" 502 559 "-" "Mozilla/5.0 (X11; Linux x86_64) AppleWebKit/537.36 (KHTML, like Gecko) Chrome/81.0.4044.129 Safari/537.36"
64.252.88.84 - - [31/Mar/2024:09:46:32 +0000] "GET / HTTP/1.1" 502 559 "-" "Mozilla/5.0 (Windows NT 10.0; Win64; x64) AppleWebKit/537.36 (KHTML, like Gecko) Chrome/122.0.0.0 Safari/537.36"
185.254.196.173 - - [31/Mar/2024:09:52:07 +0000] "GET /.env HTTP/1.1" 404 180 "-" "Mozilla/5.0 (X11; Linux x86_64) AppleWebKit/537.36 (KHTML, like Gecko) Chrome/81.0.4044.129 Safari/537.36"
185.254.196.173 - - [31/Mar/2024:09:52:09 +0000] "POST / HTTP/1.1" 404 180 "-" "Mozilla/5.0 (X11; Linux x86_64) AppleWebKit/537.36 (KHTML, like Gecko) Chrome/81.0.4044.129 Safari/537.36"
18.68.56.84 - - [31/Mar/2024:09:52:10 +0000] "POST /plagiarism/ HTTP/1.1" 201 71 "-" "python-requests/2.31.0"
18.68.56.84 - - [31/Mar/2024:09:52:38 +0000] "POST /complete/ HTTP/1.1" 201 779 "-" "python-requests/2.31.0"
18.68.56.84 - - [31/Mar/2024:09:54:44 +0000] "POST /article/ HTTP/1.1" 500 85 "-" "python-requests/2.31.0"
18.68.56.84 - - [31/Mar/2024:09:54:54 +0000] "POST /article/ HTTP/1.1" 500 85 "-" "python-requests/2.31.0"
18.68.56.84 - - [31/Mar/2024:09:55:49 +0000] "POST /article/ HTTP/1.1" 500 85 "-" "python-requests/2.31.0"
18.68.56.84 - - [31/Mar/2024:09:55:59 +0000] "POST /article/ HTTP/1.1" 500 85 "-" "python-requests/2.31.0"
18.68.56.84 - - [31/Mar/2024:09:57:07 +0000] "POST /documentation/ HTTP/1.1" 201 840 "-" "python-requests/2.31.0"
18.68.56.84 - - [31/Mar/2024:09:58:55 +0000] "POST /literature/ HTTP/1.1" 201 4167 "-" "python-requests/2.31.0"
18.68.56.84 - - [31/Mar/2024:10:00:05 +0000] "POST /article/ HTTP/1.1" 500 85 "-" "python-requests/2.31.0"
18.68.56.84 - - [31/Mar/2024:10:00:52 +0000] "OPTIONS /outline/ HTTP/1.1" 200 0 "https://chatg6.ai/" "Mozilla/5.0 (Windows NT 10.0; Win64; x64) AppleWebKit/537.36 (KHTML, like Gecko) Chrome/122.0.0.0 Safari/537.36"
18.68.56.84 - - [31/Mar/2024:10:01:22 +0000] "POST /outline/ HTTP/1.1" 201 3299 "https://chatg6.ai/" "Mozilla/5.0 (Windows NT 10.0; Win64; x64) AppleWebKit/537.36 (KHTML, like Gecko) Chrome/122.0.0.0 Safari/537.36"
18.68.56.84 - - [31/Mar/2024:10:03:12 +0000] "POST /article/ HTTP/1.1" 201 16660 "https://chatg6.ai/" "Mozilla/5.0 (Windows NT 10.0; Win64; x64) AppleWebKit/537.36 (KHTML, like Gecko) Chrome/122.0.0.0 Safari/537.36"
18.68.56.84 - - [31/Mar/2024:10:04:20 +0000] "POST /literature/ HTTP/1.1" 201 3602 "https://chatg6.ai/" "Mozilla/5.0 (Windows NT 10.0; Win64; x64) AppleWebKit/537.36 (KHTML, like Gecko) Chrome/122.0.0.0 Safari/537.36"
18.68.56.84 - - [31/Mar/2024:10:04:59 +0000] "OPTIONS /plagiarism/ HTTP/1.1" 200 0 "https://chatg6.ai/" "Mozilla/5.0 (Windows NT 10.0; Win64; x64) AppleWebKit/537.36 (KHTML, like Gecko) Chrome/122.0.0.0 Safari/537.36"
